// Jest Snapshot v1, https://goo.gl/fbAQLP

exports[`api constants CONFIGURATION 1`] = `"https://api.themoviedb.org/3/configuration?api_key=e8e8b3d77e2a85c1ae77d3c6a5fafc6e"`;

exports[`api constants GENRES_LIST 1`] = `"https://api.themoviedb.org/3/genre/movie/list?api_key=e8e8b3d77e2a85c1ae77d3c6a5fafc6e&language=en_GB"`;

exports[`api constants IMAGE 1`] = `"https:test.com/w100/test.jpg"`;

exports[`api constants NOW_PLAYING 1`] = `"https://api.themoviedb.org/3/movie/now_playing?api_key=e8e8b3d77e2a85c1ae77d3c6a5fafc6e&language=en_GB"`;
