// Jest Snapshot v1, https://goo.gl/fbAQLP

exports[`Chip.vue renders 1`] = `<div class="chips">test</div>`;
