// Jest Snapshot v1, https://goo.gl/fbAQLP

exports[`Icon.vue renders 1`] = `<i class="material-icons">test</i>`;
